[moxieroots.com/index.html]
[backblue.gif]
[fade.gif]
[index.html]
[static.showit.co/200/rvHddaboQBu2OtcwChQ13Q/223801/moxie_roots_co_favicon_1.png]
[static.showit.co/1200/DO8NLW9kSdmOFuJkvSnPtQ/223801/cedar-falls-iowa-ibe-hair-extension-salon--70.jpg]
[cdnconsents.websitepolicies.com/legacy/lib/cconsent/cconsent.min.js]
[cdnjs.cloudflare.com/ajax/libs/animate.css/3.4.0/animate.min.css]
[ajax.googleapis.com/ajax/libs/jquery/3.5.1/jquery.min.js]
[lib.showit.co/engine/2.2.6/showit.css]
[lib.showit.co/engine/2.2.6/showit-lib.min.js]
[lib.showit.co/engine/2.2.6/showit.min.js]
[moxieroots.com/care.html]
[moxieroots.com/contact.html]
[moxieroots.com/about.html]
[static.showit.co/400/9KHTzSncRn6zWkQr-OPgLA/shared/logo_mr_brandmark1_white.png]
[static.showit.co/400/-Q7BCt2rRfuVSqKYpM7X_A/shared/logo_mr_brandmark1_black.png]
[static.showit.co/800/wib7g-aASnqSA24Xtg5o8A/shared/cedar-falls-iowa-ibe-hair-extension-salon--32.jpg]
[static.showit.co/800/6v_qtUv4TUGdKXi-lUwTAA/shared/woman-wearing-invisible-bead-extensions-installed-by-ashley-moxie-roots-co-cedar-falls-iowa-img_4876.jpg]
[moxieroots.com/extensions.html]
[static.showit.co/800/UuW719-aRxiYd2TNXYNe5w/shared/ibe-hair-extension-tools-moxie-roots-salon-cedar-falls-iowa-4.jpg]
[static.showit.co/800/0Oht_yJJScaxtXYsaMbdPw/shared/ashley-langdale-ibe-hair-extension-specialist-cedar-falls-iowa-salon-37.jpg]
[static.showit.co/1200/U4z_JUK4RDqsNNOP21ILLw/shared/woman-wearing-invisible-bead-extensions-installed-by-ashley-moxie-roots-co-cedar-falls-iowa-img_5958.jpg]
[moxieroots.com/privacy.html]
[static.showit.co/800/gcegx9o8TuGS0tPIpIANlA/shared/logo_mr_primary_white.png]
[moxieroots.com/index.html]
[cdnjs.cloudflare.com/ajax/libs/animate.css/3.4.0/animate.min.css]
[lib.showit.co/engine/2.2.6/showit.css]
[static.showit.co/1200/fugZj4IQRbyAX5_PgeTxBg/223801/cedar-falls-iowa-ibe-hair-extension-salon--35.jpg]
[moxieroots.com/care.html]
[moxieroots.com/policies.html]
[static.showit.co/1200/m4w38zUKTFKjoKsmxqvMDg/223801/ashley-langdale-ibe-hair-extension-specialist-cedar-falls-iowa-salon-40.jpg]
[static.showit.co/400/oisJjM6_QWmlE89oLkhE1w/shared/ashley-langdale-ibe-hair-extension-specialist-cedar-falls-iowa-salon-38.jpg]
[moxieroots.com/contact.html]
[static.showit.co/1200/63OpTc89TcKvSr6xgY-LVg/223801/ashley-langdale-ibe-hair-extension-specialist-cedar-falls-iowa-salon-37.jpg]
[static.showit.co/800/gTK68gP6RCWWJoPm5W9K6Q/shared/ashley-langdale-ibe-hair-extension-specialist-cedar-falls-iowa-salon-40.jpg]
[static.showit.co/200/nkXJQpN1Qk2pxj84oLkTZw/shared/woman-wearing-invisible-bead-extensions-installed-by-ashley-moxie-roots-co-cedar-falls-iowa-img_9669.jpg]
[static.showit.co/200/2D14uX3vRXmhKo9AQFcoNw/shared/ibe-logo-footer-2.png]
[static.showit.co/200/UuW719-aRxiYd2TNXYNe5w/shared/ibe-hair-extension-tools-moxie-roots-salon-cedar-falls-iowa-4.jpg]
[static.showit.co/1200/i3CZL3CJR8qhexe-45-V8Q/shared/woman-wearing-invisible-bead-extensions-installed-by-ashley-moxie-roots-co-cedar-falls-iowa-img_3087.jpg]
[moxieroots.com/about.html]
[static.showit.co/1200/SiZ2yfltTLSUlWLZ1U03vA/223801/woman-wearing-invisible-bead-extensions-installed-by-ashley-moxie-roots-co-cedar-falls-iowa-img_3076.jpg]
[static.showit.co/800/JmIKfhn1RAq4BNi2Et4SFg/shared/woman-wearing-invisible-bead-extensions-installed-by-ashley-moxie-roots-co-cedar-falls-iowa-img_5964.jpg]
[static.showit.co/800/s3jDcv2hRvGf1_DXHjvLEQ/shared/ibe-hair-extension-tools-moxie-roots-salon-cedar-falls-iowa-3.jpg]
[static.showit.co/200/7cqlMyv8Qi2lWhh1B5OigA/shared/cedar-falls-iowa-ibe-hair-extension-salon--72.jpg]
[static.showit.co/200/F8BVK7FiQnOui4GO3gwIQA/shared/woman-wearing-invisible-bead-extensions-installed-by-ashley-moxie-roots-co-cedar-falls-iowa-img_4765.jpg]
[static.showit.co/400/IcsY7YcQQ16llHce65lDgQ/shared/woman-wearing-invisible-bead-extensions-installed-by-ashley-moxie-roots-co-cedar-falls-iowa-img_1911.jpg]
[static.showit.co/400/teb67z_9QOeY8jpnRwryaw/shared/woman-wearing-invisible-bead-extensions-installed-by-ashley-moxie-roots-co-cedar-falls-iowa-img_1956.jpg]
[static.showit.co/400/98hjHABuRVu_xHzGbE1qzQ/shared/woman-wearing-invisible-bead-extensions-installed-by-ashley-moxie-roots-co-cedar-falls-iowa-img_9059.jpg]
[static.showit.co/400/sXQrkwKDReuqZMyP168ESQ/shared/woman-wearing-invisible-bead-extensions-installed-by-ashley-moxie-roots-co-cedar-falls-iowa-img_9075.jpg]
[static.showit.co/400/wVTDNrUTQySFqFT_O_iQ4A/shared/woman-wearing-invisible-bead-extensions-installed-by-ashley-moxie-roots-co-cedar-falls-iowa-img_4003.jpg]
[static.showit.co/400/_4dK5r9zTwWWHRRjImch-g/shared/woman-wearing-invisible-bead-extensions-installed-by-ashley-moxie-roots-co-cedar-falls-iowa-bf553e75-4a53-40e1-bcae-af7485320a40.jpg]
[static.showit.co/400/V8UUxs5pRTKUaRZgNpikTQ/shared/woman-wearing-invisible-bead-extensions-installed-by-ashley-moxie-roots-co-cedar-falls-iowa-img_9118.jpg]
[static.showit.co/400/naeld6z3TfCZ7IkI4zsLfQ/shared/woman-wearing-invisible-bead-extensions-installed-by-ashley-moxie-roots-co-cedar-falls-iowa-img_9148.jpg]
[moxieroots.com/extensions.html]
[static.showit.co/1200/IQu7VKOqQf6CP-62w6QkGg/223801/hair-color-extension-tools-moxie-roots-salon-cedar-falls-iowa-5.jpg]
[moxieroots.com/privacy.html]
[static.showit.co/1200/hVO_1dHHS-KlD3yGK_n-4g/223801/ibe-hair-extension-tools-moxie-roots-salon-cedar-falls-iowa-1.jpg]
[moxieroots.com/policies.html]
